sample: S01
reads: /mnt/d/aphid/reads_filtered/S01.fq
assembly: /mnt/c/Users/ericd/Dropbox/Eric Work/DPA/APHIDS/data/S01/S01.raw.fasta
minimap2: 2.31-r1302
samtools: samtools 1.24
thresholds: depth>=10 alt>=3 maf>=0.15 mapq>=20
[M::mm_idx_gen::0.112*0.57] collected minimizers
[M::mm_idx_gen::0.124*1.03] sorted minimizers
[M::main::0.124*1.03] loaded/built the index for 9 target sequence(s)
[M::mm_mapopt_update::0.128*1.02] mid_occ = 50
[M::mm_idx_stat] kmer size: 19; skip: 19; is_hpc: 0; #seq: 9
[M::mm_idx_stat::0.131*1.02] distinct minimizers: 211289 (93.13% are singletons); average occurrences: 1.094; average spacing: 9.997; total length: 2310557
[M::worker_pipeline::0.138*1.05] mapped 4 sequences
[M::main] Version: 2.31-r1302
[M::main] CMD: minimap2 -x asm10 -t 8 /mnt/c/Users/ericd/Dropbox/Eric Work/DPA/APHIDS/data/S01/S01.raw.fasta data/reference/APSE_panel.fasta
[M::main] Real time: 0.145 sec; CPU: 0.149 sec; Peak RSS: 0.019 GB
[M::mm_idx_gen::0.003*1.36] collected minimizers
[M::mm_idx_gen::0.004*1.35] sorted minimizers
[M::main::0.004*1.35] loaded/built the index for 3 target sequence(s)
[M::mm_mapopt_update::0.004*1.33] mid_occ = 50
[M::mm_idx_stat] kmer size: 19; skip: 19; is_hpc: 0; #seq: 3
[M::mm_idx_stat::0.004*1.32] distinct minimizers: 3937 (59.03% are singletons); average occurrences: 1.414; average spacing: 9.924; total length: 55245
[M::worker_pipeline::0.011*1.23] mapped 3 sequences
[M::main] Version: 2.31-r1302
[M::main] CMD: minimap2 -x asm10 -t 8 /home/eric/aphid_work/multiplicity_screen/S01.apse_regions.fasta /home/eric/aphid_work/multiplicity_screen/S01.apse_regions.fasta
[M::main] Real time: 0.012 sec; CPU: 0.015 sec; Peak RSS: 0.005 GB
[M::mm_idx_gen::0.109*0.65] collected minimizers
[M::mm_idx_gen::0.128*1.27] sorted minimizers
[M::main::0.128*1.27] loaded/built the index for 9 target sequence(s)
[M::mm_mapopt_update::0.134*1.26] mid_occ = 50
[M::mm_idx_stat] kmer size: 19; skip: 10; is_hpc: 0; #seq: 9
[M::mm_idx_stat::0.138*1.25] distinct minimizers: 383360 (93.06% are singletons); average occurrences: 1.095; average spacing: 5.503; total length: 2310557
[M::worker_pipeline::0.140*1.24] mapped 15 sequences
[M::main] Version: 2.31-r1302
[M::main] CMD: minimap2 -x asm20 -t 8 /mnt/c/Users/ericd/Dropbox/Eric Work/DPA/APHIDS/data/S01/S01.raw.fasta data/reference/toxins_CDS.fasta
[M::main] Real time: 0.147 sec; CPU: 0.179 sec; Peak RSS: 0.027 GB
[M::mm_idx_gen::0.003*1.26] collected minimizers
[M::mm_idx_gen::0.004*1.21] sorted minimizers
[M::main::0.004*1.21] loaded/built the index for 15 target sequence(s)
[M::mm_mapopt_update::0.004*1.19] mid_occ = 50
[M::mm_idx_stat] kmer size: 19; skip: 19; is_hpc: 0; #seq: 15
[M::mm_idx_stat::0.004*1.19] distinct minimizers: 1926 (57.27% are singletons); average occurrences: 1.735; average spacing: 10.082; total length: 33693
[M::worker_pipeline::7.488*1.32] mapped 15572 sequences
[M::main] Version: 2.31-r1302
[M::main] CMD: minimap2 -ax map-hifi -t 8 data/reference/toxins_CDS.fasta /mnt/d/aphid/reads_filtered/S01.fq
[M::main] Real time: 7.489 sec; CPU: 9.893 sec; Peak RSS: 0.249 GB
[bam_sort_core] merging from 0 files and 2 in-memory blocks...
[mpileup] 1 samples in 1 input files
