sample: S09
reads: /mnt/d/aphid/reads_filtered/S09.fq
assembly: /mnt/c/Users/ericd/Dropbox/Eric Work/DPA/APHIDS/data/S09/assembly.fasta
minimap2: 2.31-r1302
samtools: samtools 1.24
thresholds: depth>=10 alt>=3 maf>=0.15 mapq>=20
[M::mm_idx_gen::0.130*0.56] collected minimizers
[M::mm_idx_gen::0.148*1.11] sorted minimizers
[M::main::0.148*1.11] loaded/built the index for 43 target sequence(s)
[M::mm_mapopt_update::0.155*1.10] mid_occ = 50
[M::mm_idx_stat] kmer size: 19; skip: 19; is_hpc: 0; #seq: 43
[M::mm_idx_stat::0.161*1.10] distinct minimizers: 161377 (93.72% are singletons); average occurrences: 1.087; average spacing: 10.020; total length: 1757953
[M::worker_pipeline::0.169*1.14] mapped 4 sequences
[M::main] Version: 2.31-r1302
[M::main] CMD: minimap2 -x asm10 -t 8 /mnt/c/Users/ericd/Dropbox/Eric Work/DPA/APHIDS/data/S09/assembly.fasta data/reference/APSE_panel.fasta
[M::main] Real time: 0.177 sec; CPU: 0.200 sec; Peak RSS: 0.015 GB
[M::mm_idx_gen::0.089*0.63] collected minimizers
[M::mm_idx_gen::0.104*1.29] sorted minimizers
[M::main::0.104*1.29] loaded/built the index for 43 target sequence(s)
[M::mm_mapopt_update::0.110*1.27] mid_occ = 50
[M::mm_idx_stat] kmer size: 19; skip: 10; is_hpc: 0; #seq: 43
[M::mm_idx_stat::0.113*1.26] distinct minimizers: 292978 (93.55% are singletons); average occurrences: 1.090; average spacing: 5.506; total length: 1757953
[M::worker_pipeline::0.115*1.26] mapped 15 sequences
[M::main] Version: 2.31-r1302
[M::main] CMD: minimap2 -x asm20 -t 8 /mnt/c/Users/ericd/Dropbox/Eric Work/DPA/APHIDS/data/S09/assembly.fasta data/reference/toxins_CDS.fasta
[M::main] Real time: 0.120 sec; CPU: 0.148 sec; Peak RSS: 0.021 GB
[M::mm_idx_gen::0.003*1.38] collected minimizers
[M::mm_idx_gen::0.004*1.36] sorted minimizers
[M::main::0.004*1.36] loaded/built the index for 15 target sequence(s)
[M::mm_mapopt_update::0.004*1.35] mid_occ = 50
[M::mm_idx_stat] kmer size: 19; skip: 19; is_hpc: 0; #seq: 15
[M::mm_idx_stat::0.004*1.34] distinct minimizers: 1926 (57.27% are singletons); average occurrences: 1.735; average spacing: 10.082; total length: 33693
[M::worker_pipeline::1.717*0.35] mapped 1882 sequences
[M::main] Version: 2.31-r1302
[M::main] CMD: minimap2 -ax map-hifi -t 8 data/reference/toxins_CDS.fasta /mnt/d/aphid/reads_filtered/S09.fq
[M::main] Real time: 1.719 sec; CPU: 0.605 sec; Peak RSS: 0.037 GB
[bam_sort_core] merging from 0 files and 2 in-memory blocks...
[mpileup] 1 samples in 1 input files
