sample: S11
reads: /mnt/d/aphid/reads_filtered/S11.fq
assembly: /mnt/c/Users/ericd/Dropbox/Eric Work/DPA/APHIDS/data/S11/S11.raw.fasta
minimap2: 2.31-r1302
samtools: samtools 1.24
thresholds: depth>=10 alt>=3 maf>=0.15 mapq>=20
[M::mm_idx_gen::0.107*0.57] collected minimizers
[M::mm_idx_gen::0.120*1.05] sorted minimizers
[M::main::0.120*1.05] loaded/built the index for 6 target sequence(s)
[M::mm_mapopt_update::0.124*1.05] mid_occ = 50
[M::mm_idx_stat] kmer size: 19; skip: 19; is_hpc: 0; #seq: 6
[M::mm_idx_stat::0.127*1.05] distinct minimizers: 207111 (94.68% are singletons); average occurrences: 1.078; average spacing: 9.995; total length: 2231478
[M::worker_pipeline::0.134*1.10] mapped 4 sequences
[M::main] Version: 2.31-r1302
[M::main] CMD: minimap2 -x asm10 -t 8 /mnt/c/Users/ericd/Dropbox/Eric Work/DPA/APHIDS/data/S11/S11.raw.fasta data/reference/APSE_panel.fasta
[M::main] Real time: 0.140 sec; CPU: 0.151 sec; Peak RSS: 0.019 GB
[M::mm_idx_gen::0.107*0.65] collected minimizers
[M::mm_idx_gen::0.126*1.32] sorted minimizers
[M::main::0.126*1.32] loaded/built the index for 6 target sequence(s)
[M::mm_mapopt_update::0.134*1.30] mid_occ = 50
[M::mm_idx_stat] kmer size: 19; skip: 10; is_hpc: 0; #seq: 6
[M::mm_idx_stat::0.139*1.29] distinct minimizers: 375744 (94.59% are singletons); average occurrences: 1.079; average spacing: 5.503; total length: 2231478
[M::worker_pipeline::0.141*1.30] mapped 15 sequences
[M::main] Version: 2.31-r1302
[M::main] CMD: minimap2 -x asm20 -t 8 /mnt/c/Users/ericd/Dropbox/Eric Work/DPA/APHIDS/data/S11/S11.raw.fasta data/reference/toxins_CDS.fasta
[M::main] Real time: 0.147 sec; CPU: 0.187 sec; Peak RSS: 0.027 GB
[M::mm_idx_gen::0.003*1.03] collected minimizers
[M::mm_idx_gen::0.004*1.21] sorted minimizers
[M::main::0.004*1.21] loaded/built the index for 15 target sequence(s)
[M::mm_mapopt_update::0.004*1.20] mid_occ = 50
[M::mm_idx_stat] kmer size: 19; skip: 19; is_hpc: 0; #seq: 15
[M::mm_idx_stat::0.004*1.20] distinct minimizers: 1926 (57.27% are singletons); average occurrences: 1.735; average spacing: 10.082; total length: 33693
[M::worker_pipeline::8.106*0.55] mapped 15629 sequences
[M::main] Version: 2.31-r1302
[M::main] CMD: minimap2 -ax map-hifi -t 8 data/reference/toxins_CDS.fasta /mnt/d/aphid/reads_filtered/S11.fq
[M::main] Real time: 8.108 sec; CPU: 4.472 sec; Peak RSS: 0.233 GB
[bam_sort_core] merging from 0 files and 2 in-memory blocks...
[mpileup] 1 samples in 1 input files
